components/AccessPortal.tsx(109,13): error TS2451: Cannot redeclare block-scoped variable 'staffRef'.
components/AccessPortal.tsx(110,13): error TS2451: Cannot redeclare block-scoped variable 'staffQuery'.
components/AccessPortal.tsx(111,13): error TS2451: Cannot redeclare block-scoped variable 'staffSnap'.
components/AccessPortal.tsx(171,13): error TS2451: Cannot redeclare block-scoped variable 'staffRef'.
components/AccessPortal.tsx(172,13): error TS2451: Cannot redeclare block-scoped variable 'staffQuery'.
components/AccessPortal.tsx(173,13): error TS2451: Cannot redeclare block-scoped variable 'staffSnap'.
components/LandingPage.tsx(373,46): error TS2304: Cannot find name 'effectiveRole'.
components/LandingPage.tsx(374,20): error TS2304: Cannot find name 'effectiveRole'.
components/LandingPage.tsx(374,35): error TS2552: Cannot find name 'schoolEdition'. Did you mean 'SchoolIcon'?
components/LandingPage.tsx(374,50): error TS2304: Cannot find name 'effectiveRole'.
components/PlatformAdminModule.tsx(121,53): error TS2339: Property 'edition' does not exist on type 'SchoolProfile'.
components/PlatformAdminModule.tsx(121,81): error TS2339: Property 'edition' does not exist on type 'SchoolProfile'.
components/PlatformAdminModule.tsx(124,35): error TS2339: Property 'edition' does not exist on type 'SchoolProfile'.
components/PlatformAdminModule.tsx(172,36): error TS2339: Property 'edition' does not exist on type 'SchoolProfile'.
components/PlatformAdminModule.tsx(172,64): error TS2339: Property 'edition' does not exist on type 'SchoolProfile'.
